#-----------------------------------------------------------
# Vivado v2017.4 (64-bit)
# SW Build 2086221 on Fri Dec 15 20:55:39 MST 2017
# IP Build 2085800 on Fri Dec 15 22:25:07 MST 2017
# Start of session at: Fri Oct 10 09:12:53 2025
# Process ID: 15716
# Current directory: C:/Users/Lenovo/Desktop/7-3
# Command line: vivado.exe -gui_launcher_event rodinguilauncherevent11008 C:\Users\Lenovo\Desktop\7-3\7-3.xpr
# Log file: C:/Users/Lenovo/Desktop/7-3/vivado.log
# Journal file: C:/Users/Lenovo/Desktop/7-3\vivado.jou
#-----------------------------------------------------------
start_gui
open_project C:/Users/Lenovo/Desktop/7-3/7-3.xpr
INFO: [Project 1-313] Project file moved from 'D:/7-3/7-3' since last save.
Scanning sources...
Finished scanning sources
INFO: [IP_Flow 19-234] Refreshing IP repositories
INFO: [IP_Flow 19-1704] No user IP repositories specified
INFO: [IP_Flow 19-2313] Loaded Vivado IP repository 'E:/Vivado/Vivado/2017.4/data/ip'.
open_project: Time (s): cpu = 00:00:08 ; elapsed = 00:00:05 . Memory (MB): peak = 821.406 ; gain = 57.430
update_compile_order -fileset sources_1
exit
INFO: [Common 17-206] Exiting Vivado at Fri Oct 10 09:21:05 2025...
