Copyright 1986-2017 Xilinx, Inc. All Rights Reserved.
---------------------------------------------------------------------------------------------
| Tool Version : Vivado v.2017.4 (win64) Build 2086221 Fri Dec 15 20:55:39 MST 2017
| Date         : Wed Oct 15 10:52:01 2025
| Host         : Laptop-of-Sinon running 64-bit major release  (build 9200)
| Command      : report_control_sets -verbose -file digital_lock_top_control_sets_placed.rpt
| Design       : digital_lock_top
| Device       : xc7a35t
---------------------------------------------------------------------------------------------

Control Set Information

Table of Contents
-----------------
1. Summary
2. Flip-Flop Distribution
3. Detailed Control Set Information

1. Summary
----------

+----------------------------------------------------------+-------+
|                          Status                          | Count |
+----------------------------------------------------------+-------+
| Number of unique control sets                            |    36 |
| Unused register locations in slices containing registers |   111 |
+----------------------------------------------------------+-------+


2. Flip-Flop Distribution
-------------------------

+--------------+-----------------------+------------------------+-----------------+--------------+
| Clock Enable | Synchronous Set/Reset | Asynchronous Set/Reset | Total Registers | Total Slices |
+--------------+-----------------------+------------------------+-----------------+--------------+
| No           | No                    | No                     |               3 |            2 |
| No           | No                    | Yes                    |             456 |          202 |
| No           | Yes                   | No                     |              20 |            7 |
| Yes          | No                    | No                     |               7 |            4 |
| Yes          | No                    | Yes                    |             267 |           97 |
| Yes          | Yes                   | No                     |               0 |            0 |
+--------------+-----------------------+------------------------+-----------------+--------------+


3. Detailed Control Set Information
-----------------------------------

+---------------------------------+--------------------------------------------------------+----------------------------------------------------------------+------------------+----------------+
|           Clock Signal          |                      Enable Signal                     |                        Set/Reset Signal                        | Slice Load Count | Bel Load Count |
+---------------------------------+--------------------------------------------------------+----------------------------------------------------------------+------------------+----------------+
|  u_clock_divider/clk_2Hz        |                                                        | u_password_controller/u_left_key/FSM_sequential_state_reg[2]_0 |                2 |              3 |
|  clk_100MHz_IBUF_BUFG           |                                                        |                                                                |                2 |              3 |
|  u_seg_display/scan_clk_reg_n_0 |                                                        | u_password_controller/u_left_key/FSM_sequential_state_reg[2]_0 |                1 |              3 |
|  clk_100MHz_IBUF_BUFG           | u_password_controller/p_0_in__0[31]                    | u_password_controller/u_left_key/FSM_sequential_state_reg[2]_0 |                1 |              4 |
|  clk_100MHz_IBUF_BUFG           | u_password_controller/p_0_in__0[27]                    | u_password_controller/u_left_key/FSM_sequential_state_reg[2]_0 |                1 |              4 |
|  clk_100MHz_IBUF_BUFG           | u_password_controller/ble_password134_out              | u_password_controller/u_left_key/FSM_sequential_state_reg[2]_0 |                2 |              4 |
|  clk_100MHz_IBUF_BUFG           | u_password_controller/u_dec_key/E[2]                   | u_password_controller/u_left_key/FSM_sequential_state_reg[2]_0 |                4 |              4 |
|  clk_100MHz_IBUF_BUFG           | u_password_controller/u_dec_key/E[0]                   | u_password_controller/u_left_key/FSM_sequential_state_reg[2]_0 |                2 |              4 |
|  clk_100MHz_IBUF_BUFG           | u_password_controller/u_dec_key/E[1]                   | u_password_controller/u_left_key/FSM_sequential_state_reg[2]_0 |                2 |              4 |
|  clk_100MHz_IBUF_BUFG           | u_password_controller/u_inc_key/E[0]                   | u_password_controller/u_left_key/FSM_sequential_state_reg[2]_0 |                2 |              4 |
|  clk_100MHz_IBUF_BUFG           | u_password_controller/u_inc_key/E[3]                   | u_password_controller/u_left_key/FSM_sequential_state_reg[2]_0 |                3 |              4 |
|  clk_100MHz_IBUF_BUFG           | u_password_controller/u_inc_key/E[2]                   | u_password_controller/u_left_key/FSM_sequential_state_reg[2]_0 |                2 |              4 |
|  clk_100MHz_IBUF_BUFG           | u_password_controller/u_inc_key/E[4]                   | u_password_controller/u_left_key/FSM_sequential_state_reg[2]_0 |                2 |              4 |
|  clk_100MHz_IBUF_BUFG           | u_password_controller/u_inc_key/E[1]                   | u_password_controller/u_left_key/FSM_sequential_state_reg[2]_0 |                3 |              4 |
|  clk_100MHz_IBUF_BUFG           | u_password_controller/p_0_in__0[11]                    | u_password_controller/u_left_key/FSM_sequential_state_reg[2]_0 |                1 |              4 |
|  clk_100MHz_IBUF_BUFG           | u_keyboard_4x4/key_value[3]_i_1_n_0                    | u_password_controller/u_left_key/FSM_sequential_state_reg[2]_0 |                1 |              4 |
|  clk_100MHz_IBUF_BUFG           | u_password_controller/p_0_in__0[7]                     | u_password_controller/u_left_key/FSM_sequential_state_reg[2]_0 |                1 |              4 |
|  clk_100MHz_IBUF_BUFG           | u_uart_data_rx/bit_cnt[3]_i_1_n_0                      | u_password_controller/u_left_key/FSM_sequential_state_reg[2]_0 |                1 |              4 |
|  clk_100MHz_IBUF_BUFG           | u_uart_data_tx/uart_byte_tx/bps_cnt[3]_i_1_n_0         | u_password_controller/u_left_key/FSM_sequential_state_reg[2]_0 |                1 |              4 |
|  clk_100MHz_IBUF_BUFG           | u_password_controller/sel                              | u_password_controller/u_left_key/FSM_sequential_state_reg[2]_0 |                1 |              4 |
|  clk_100MHz_IBUF_BUFG           | u_password_controller/p_0_in__0[15]                    | u_password_controller/u_left_key/FSM_sequential_state_reg[2]_0 |                2 |              4 |
|  clk_100MHz_IBUF_BUFG           | u_password_controller/p_0_in__0[19]                    | u_password_controller/u_left_key/FSM_sequential_state_reg[2]_0 |                2 |              4 |
|  clk_100MHz_IBUF_BUFG           | u_password_controller/p_0_in__0[3]                     | u_password_controller/u_left_key/FSM_sequential_state_reg[2]_0 |                1 |              4 |
|  clk_100MHz_IBUF_BUFG           | u_password_controller/p_0_in__0[23]                    | u_password_controller/u_left_key/FSM_sequential_state_reg[2]_0 |                1 |              4 |
|  clk_100MHz_IBUF_BUFG           | u_uart_data_tx/byte_tx_en                              | u_password_controller/u_left_key/FSM_sequential_state_reg[2]_0 |                3 |              7 |
|  clk_100MHz_IBUF_BUFG           | u_uart_data_tx/byte_tx_data                            |                                                                |                4 |              7 |
|  clk_100MHz_IBUF_BUFG           | u_uart_data_tx/uart_byte_tx/E[0]                       | u_password_controller/u_left_key/FSM_sequential_state_reg[2]_0 |                3 |              8 |
|  clk_100MHz_IBUF_BUFG           | u_uart_data_rx/rx_data[7]_i_1_n_0                      | u_password_controller/u_left_key/FSM_sequential_state_reg[2]_0 |                2 |              8 |
|  u_keyboard_4x4/scan_clk        |                                                        | u_password_controller/u_left_key/FSM_sequential_state_reg[2]_0 |                3 |             11 |
|  clk_100MHz_IBUF_BUFG           | u_keyboard_4x4/debounce_counter[0]_i_1_n_0             | u_password_controller/u_left_key/FSM_sequential_state_reg[2]_0 |                4 |             16 |
|  clk_100MHz_IBUF_BUFG           | u_uart_data_rx/baud_cnt[15]_i_1_n_0                    | u_password_controller/u_left_key/FSM_sequential_state_reg[2]_0 |                6 |             16 |
|  clk_100MHz_IBUF_BUFG           | u_password_controller/input_password[31]_i_1_n_0       | u_password_controller/u_left_key/FSM_sequential_state_reg[2]_0 |               10 |             32 |
|  clk_100MHz_IBUF_BUFG           | u_password_controller/brute_force_password[31]_i_1_n_0 | u_password_controller/u_left_key/FSM_sequential_state_reg[2]_0 |               14 |             32 |
|  clk_100MHz_IBUF_BUFG           | u_password_controller/stored_password                  | u_password_controller/u_left_key/FSM_sequential_state_reg[2]_0 |                5 |             32 |
|  clk_100MHz_IBUF_BUFG           | u_password_controller/current_password[31]_i_1_n_0     | u_password_controller/u_left_key/FSM_sequential_state_reg[2]_0 |               14 |             32 |
|  clk_100MHz_IBUF_BUFG           |                                                        | u_password_controller/u_left_key/FSM_sequential_state_reg[2]_0 |              203 |            459 |
+---------------------------------+--------------------------------------------------------+----------------------------------------------------------------+------------------+----------------+


+--------+-----------------------+
| Fanout | Number of ControlSets |
+--------+-----------------------+
| 3      |                     3 |
| 4      |                    21 |
| 7      |                     2 |
| 8      |                     2 |
| 11     |                     1 |
| 16+    |                     7 |
+--------+-----------------------+


