\BOOKMARK [1][-]{section.1}{\376\377\142\020\124\130\176\304\142\020\123\312\122\006\135\345\140\305\121\265}{}% 1
\BOOKMARK [1][-]{section.2}{\376\377\133\236\232\214\217\307\172\013\116\055\166\204\137\303\137\227\117\123\117\032}{}% 2
\BOOKMARK [2][-]{subsection.2.1}{\376\377\116\316\040\034\236\321\166\322\040\035\122\060\040\034\145\160\133\146\176\246\147\137\040\035\166\204\213\244\167\345\217\154\123\330}{section.2}% 3
\BOOKMARK [2][-]{subsection.2.2}{\376\377\173\227\122\233\164\366\230\210\120\022\220\074\173\227\154\325\117\030\123\026}{section.2}% 4
\BOOKMARK [1][-]{section.3}{\376\377\133\236\232\214\145\071\217\333\213\272\217\360}{}% 5
\BOOKMARK [2][-]{subsection.3.1}{\376\377\145\071\217\333\123\237\164\006\116\016\145\160\133\146\122\006\147\220}{section.3}% 6
\BOOKMARK [3][-]{subsubsection.3.1.1}{\376\377\154\350\141\017\122\233\147\072\122\066\166\204\131\015\147\102\136\246\122\112\121\317}{subsection.3.1}% 7
\BOOKMARK [3][-]{subsubsection.3.1.2}{\376\377\155\101\152\041\127\213\165\037\142\020\166\204\133\371\145\160\117\074\161\066\117\060\213\241}{subsection.3.1}% 8
\BOOKMARK [2][-]{subsection.3.2}{\376\377\145\071\217\333\217\307\172\013\116\016\135\345\172\013\133\236\163\260}{section.3}% 9
\BOOKMARK [1][-]{section.4}{\376\377\133\236\232\214\217\307\172\013}{}% 10
\BOOKMARK [2][-]{subsection.4.1}{\376\377\133\236\232\214\131\015\163\260}{section.4}% 11
\BOOKMARK [2][-]{subsection.4.2}{\376\377\122\033\145\260\145\071\217\333}{section.4}% 12
\BOOKMARK [3][-]{subsubsection.4.2.1}{\376\377\152\041\127\213\147\266\147\204\166\204\217\173\221\317\123\026\221\315\147\204\000\040\000\050\000a\000t\000t\000n\000f\000l\000o\000w\000\137\000l\000i\000t\000e\000.\000p\000y\000\051}{subsection.4.2}% 13
\BOOKMARK [3][-]{subsubsection.4.2.2}{\376\377\213\255\176\303\173\126\165\145\166\204\135\345\172\013\117\030\123\026\000\040\000\050\000t\000r\000a\000i\000n\000\137\000l\000i\000t\000e\000.\000p\000y\000\051}{subsection.4.2}% 14
\BOOKMARK [3][-]{subsubsection.4.2.3}{\376\377\171\337\165\050\116\221\147\015\122\241\126\150\166\370\121\163}{subsection.4.2}% 15
\BOOKMARK [1][-]{section.5}{\376\377\133\236\232\214\176\323\147\234\116\016\122\006\147\220}{}% 16
\BOOKMARK [2][-]{subsection.5.1}{\376\377\176\323\147\234\122\006\147\220\116\016\116\015\215\263\143\242\213\250}{section.5}% 17
\BOOKMARK [3][-]{subsubsection.5.1.1}{\376\377\123\302\145\160\221\317\116\013\226\115\116\015\131\202\230\204\147\037\166\204\123\237\126\340\377\010\000P\000a\000r\000a\000m\000s\000:\000\040\0008\0006\000.\0004\000M\000\040\000-\000>\000\040\0008\0001\000.\0005\000M\377\011}{subsection.5.1}% 18
\BOOKMARK [3][-]{subsubsection.5.1.2}{\376\377\143\250\164\006\220\037\136\246\143\320\123\107\147\011\226\120\166\204\123\237\126\340\377\010\000F\000P\000S\000:\000\040\0005\0009\000.\0009\000\040\000-\000>\000\040\0006\0005\000.\0005\0008\377\011}{subsection.5.1}% 19
\BOOKMARK [3][-]{subsubsection.5.1.3}{\376\377\226\220\121\231\215\050\221\317\166\204\147\103\210\141\377\010\000S\000S\000I\000M\000:\000\040\0000\000.\0008\0009\000\040\000-\000>\000\040\0000\000.\0008\0001\377\011}{subsection.5.1}% 20
\BOOKMARK [2][-]{subsection.5.2}{\376\377\140\073\176\323}{section.5}% 21
